// Jest Snapshot v1, https://goo.gl/fbAQLP

exports[`renders learn react link 1`] = `
<DocumentFragment>
  <div
    class="StyledGrommet-sc-19lkkz7-0 riqbL"
  >
    <header
      class="StyledBox-sc-13pk1d4-0 iJvkQp"
    >
      <h1
        class="StyledHeading-sc-1rdh4aw-0 fTEvRZ"
      >
        P2PÂ SERVICE
      </h1>
      <div
        class="StyledBox-sc-13pk1d4-0 jvUWSf"
      >
        <button
          class="StyledButton-sc-323bzc-0 cSjjev"
          default=""
          type="button"
        >
          Sign in
        </button>
        <a
          href="/sign_up"
          style="text-decoration: none;"
        >
          <button
            class="StyledButton-sc-323bzc-0 qUqim"
            type="button"
          >
            Sign up
          </button>
        </a>
      </div>
    </header>
    <main
      class="StyledBox-sc-13pk1d4-0 bJbWEe"
    >
      <div
        class="StyledBox-sc-13pk1d4-0 DonHE"
      >
        <form>
          <div
            class="StyledBox-sc-13pk1d4-0 hNSzVL FormField__FormFieldBox-m9hood-0 jGEMXj"
          >
            <div
              class="StyledBox-sc-13pk1d4-0 gmReJc FormField__FormFieldContentBox-m9hood-1"
            >
              <div
                class="StyledBox-sc-13pk1d4-0 hHzpYE"
              >
                <svg
                  aria-label="Search"
                  class="StyledIcon-ofa7kd-0 fuviCN"
                  viewBox="0 0 24 24"
                >
                  <path
                    d="M15,15 L22,22 L15,15 Z M9.5,17 C13.6421356,17 17,13.6421356 17,9.5 C17,5.35786438 13.6421356,2 9.5,2 C5.35786438,2 2,5.35786438 2,9.5 C2,13.6421356 5.35786438,17 9.5,17 Z"
                    fill="none"
                    stroke="#000"
                    stroke-width="2"
                  />
                </svg>
                <div
                  class="StyledTextInput__StyledTextInputContainer-sc-1x30a0s-1 dpaJQp"
                >
                  <input
                    autocomplete="off"
                    class="StyledTextInput-sc-1x30a0s-0 kfWKkd"
                    name="title"
                    placeholder="Enter title of stream..."
                    type="search"
                    value=""
                  />
                </div>
              </div>
            </div>
          </div>
          <div
            class="StyledBox-sc-13pk1d4-0 hNSzVL FormField__FormFieldBox-m9hood-0 jGEMXj"
          >
            <label
              class="StyledText-sc-1sadyjn-0 drTEXR"
            >
              Categories
            </label>
            <div
              class="StyledBox-sc-13pk1d4-0 euBdwh FormField__FormFieldContentBox-m9hood-1"
            >
              <div
                class="StyledBox-sc-13pk1d4-0 jvJlRu StyledCheckBoxGroup-sc-2nhc5d-0"
              >
                <label
                  class="StyledCheckBox__StyledCheckBoxContainer-sc-1dbk5ju-1 htOOow"
                >
                  <div
                    class="StyledBox-sc-13pk1d4-0 jbIyUK StyledCheckBox-sc-1dbk5ju-6 hOFfoi"
                  >
                    <input
                      class="StyledCheckBox__StyledCheckBoxInput-sc-1dbk5ju-2 fYuA-Ds"
                      type="checkbox"
                    />
                    <div
                      class="StyledBox-sc-13pk1d4-0 jYPXhZ StyledCheckBox__StyledCheckBoxBox-sc-1dbk5ju-3 kRWCTA"
                    />
                  </div>
                  <span>
                    Game
                  </span>
                </label>
                <div
                  class="StyledBox__StyledBoxGap-sc-13pk1d4-1 ggstca"
                />
                <label
                  class="StyledCheckBox__StyledCheckBoxContainer-sc-1dbk5ju-1 htOOow"
                >
                  <div
                    class="StyledBox-sc-13pk1d4-0 jbIyUK StyledCheckBox-sc-1dbk5ju-6 hOFfoi"
                  >
                    <input
                      class="StyledCheckBox__StyledCheckBoxInput-sc-1dbk5ju-2 fYuA-Ds"
                      type="checkbox"
                    />
                    <div
                      class="StyledBox-sc-13pk1d4-0 jYPXhZ StyledCheckBox__StyledCheckBoxBox-sc-1dbk5ju-3 kRWCTA"
                    />
                  </div>
                  <span>
                    Chatting
                  </span>
                </label>
              </div>
            </div>
          </div>
        </form>
      </div>
      <div
        class="StyledBox-sc-13pk1d4-0 dYebPD"
      >
        <div
          class="StyledBox-sc-13pk1d4-0 cYzXCU"
        >
          <div
            class="StyledBox-sc-13pk1d4-0 eBDfEv"
          />
          <div
            class="StyledBox-sc-13pk1d4-0 eBDfEv"
          />
          <div
            class="StyledBox-sc-13pk1d4-0 eBDfEv"
          />
          <div
            class="StyledBox-sc-13pk1d4-0 eBDfEv"
          />
          <div
            class="StyledBox-sc-13pk1d4-0 eBDfEv"
          />
          <div
            class="StyledBox-sc-13pk1d4-0 eBDfEv"
          />
          <div
            class="StyledBox-sc-13pk1d4-0 eBDfEv"
          />
          <div
            class="StyledBox-sc-13pk1d4-0 eBDfEv"
          />
        </div>
      </div>
    </main>
  </div>
</DocumentFragment>
`;
